Build started 9/21/2026 2:03:19 PM.
     1>Project "D:\Game\Paradox Armory - FINAL 2\Paradox Armory. Fully merged(File attached)\Paradox Armory - Complete\Paradox Armory\Paradox Armory.vcxproj" on node 2 (Build target(s)).
     1>ClCompile:
         C:\Program Files (x86)\Microsoft Visual Studio 12.0\VC\bin\CL.exe /c /ZI /nologo /W3 /WX- /sdl /Od /Oy- /D WIN32 /D _DEBUG /D _CONSOLE /D _LIB /D _MBCS /Gm /EHsc /RTC1 /MDd /GS /fp:precise /Zc:wchar_t /Zc:forScope /Fo"Debug\\" /Fd"Debug\vc120.pdb" /Gd /TP /analyze- /errorReport:prompt enemy.cpp
         enemy.cpp
       Link:
         C:\Program Files (x86)\Microsoft Visual Studio 12.0\VC\bin\link.exe /ERRORREPORT:PROMPT /OUT:"D:\Game\Paradox Armory - FINAL 2\Paradox Armory. Fully merged(File attached)\Paradox Armory - Complete\Debug\Paradox Armory.exe" /INCREMENTAL /NOLOGO kernel32.lib user32.lib gdi32.lib winspool.lib comdlg32.lib advapi32.lib shell32.lib ole32.lib oleaut32.lib uuid.lib odbc32.lib odbccp32.lib /MANIFEST /MANIFESTUAC:"level='asInvoker' uiAccess='false'" /manifest:embed /DEBUG /PDB:"D:\Game\Paradox Armory - FINAL 2\Paradox Armory. Fully merged(File attached)\Paradox Armory - Complete\Debug\Paradox Armory.pdb" /SUBSYSTEM:CONSOLE /TLBID:1 /DYNAMICBASE /NXCOMPAT /IMPLIB:"D:\Game\Paradox Armory - FINAL 2\Paradox Armory. Fully merged(File attached)\Paradox Armory - Complete\Debug\Paradox Armory.lib" /MACHINE:X86 Debug\iMain.obj
         Debug\player.obj
         Debug\gameState.obj
         Debug\iGraphicsGlobals.obj
         Debug\obstacle.obj
         Debug\puzzle.obj
         Debug\variable.obj
         Debug\level4.obj
         Debug\puzzle4.obj
         Debug\playerhealth.obj
         Debug\enemy.obj
         Glaux.lib
         glut32.lib
         Paradox Armory.vcxproj -> D:\Game\Paradox Armory - FINAL 2\Paradox Armory. Fully merged(File attached)\Paradox Armory - Complete\Debug\Paradox Armory.exe
     1>Done Building Project "D:\Game\Paradox Armory - FINAL 2\Paradox Armory. Fully merged(File attached)\Paradox Armory - Complete\Paradox Armory\Paradox Armory.vcxproj" (Build target(s)).

Build succeeded.

Time Elapsed 00:00:02.44
